// Jest Snapshot v1, https://goo.gl/fbAQLP

exports[`AllSongs should render when mounted 1`] = `
<div>
  <div
    class="card-plus-title"
  >
    <div
      class="card-space-title"
    >
      <div
        class="title-text"
      >
        all songs
      </div>
      <div
        class="toggle-button"
      >
        <button>
          <img
            alt="toggle"
            src="icon-genre.svg"
          />
        </button>
      </div>
    </div>
    <div
      class="card-space"
    >
      <div
        class="grey-bakground"
        data-testid="testCard"
      >
        <div
          class="card-image-wrapper"
        >
          <div
            class="card-image"
          >
            <img
              alt="title"
              src="https://i.scdn.co/image/ab67616d0000b27386a8ab515de4b7aef28cd631"
            />
          </div>
        </div>
        <div
          class="card-details"
        >
          <div
            class="card-text"
          >
            <div
              class="card-heading"
            >
              Lost
            </div>
            <div
              class="card-subheading"
            >
              Maroon 5
            </div>
          </div>
          <div
            class="liked-icon"
          >
            <h3>
              <button
                type="button"
              >
                0
              </button>
            </h3>
            <img
              alt="hearticon"
              src="heart-gray.svg"
            />
          </div>
        </div>
      </div>
      <div
        class="dark-bakground"
        data-testid="testCard"
      >
        <div
          class="card-image-wrapper"
        >
          <div
            class="card-image"
          >
            <img
              alt="title"
              src="https://i.scdn.co/image/ab67616d0000b273442b53773d50e1b5369bb16c"
            />
          </div>
        </div>
        <div
          class="card-details"
        >
          <div
            class="card-text"
          >
            <div
              class="card-heading"
            >
              Maps
            </div>
            <div
              class="card-subheading"
            >
              Maroon 5
            </div>
          </div>
          <div
            class="liked-icon"
          >
            <h3>
              <button
                type="button"
              >
                0
              </button>
            </h3>
            <img
              alt="hearticon"
              src="heart-gray.svg"
            />
          </div>
        </div>
      </div>
    </div>
  </div>
</div>
`;
